// Jest Snapshot v1, https://goo.gl/fbAQLP

exports[`TodoItem matches its snapshot - is complete 1`] = `
<li
  className="complete"
>
  Complete
</li>
`;

exports[`TodoItem matches its snapshot - not complete 1`] = `
<li
  className=""
>
  Not Complete
</li>
`;
